// Jest Snapshot v1, https://goo.gl/fbAQLP

exports[`should render correctly 1`] = `
Object {
  "output": <Query
    displayName="Apollo(Apollo(GenericFeed))"
    fetchPolicy="cache-and-network"
    query={
      Object {
        "definitions": Array [
          Object {
            "directives": Array [],
            "kind": "OperationDefinition",
            "name": Object {
              "kind": "Name",
              "value": "pollList",
            },
            "operation": "query",
            "selectionSet": Object {
              "kind": "SelectionSet",
              "selections": Array [
                Object {
                  "alias": undefined,
                  "arguments": Array [],
                  "directives": Array [],
                  "kind": "Field",
                  "name": Object {
                    "kind": "Name",
                    "value": "pollList",
                  },
                  "selectionSet": Object {
                    "kind": "SelectionSet",
                    "selections": Array [
                      Object {
                        "alias": undefined,
                        "arguments": Array [],
                        "directives": Array [],
                        "kind": "Field",
                        "name": Object {
                          "kind": "Name",
                          "value": "items",
                        },
                        "selectionSet": Object {
                          "kind": "SelectionSet",
                          "selections": Array [
                            Object {
                              "alias": undefined,
                              "arguments": Array [],
                              "directives": Array [],
                              "kind": "Field",
                              "name": Object {
                                "kind": "Name",
                                "value": "id",
                              },
                              "selectionSet": undefined,
                            },
                            Object {
                              "alias": undefined,
                              "arguments": Array [],
                              "directives": Array [],
                              "kind": "Field",
                              "name": Object {
                                "kind": "Name",
                                "value": "question",
                              },
                              "selectionSet": undefined,
                            },
                            Object {
                              "alias": undefined,
                              "arguments": Array [
                                Object {
                                  "kind": "Argument",
                                  "name": Object {
                                    "kind": "Name",
                                    "value": "format",
                                  },
                                  "value": Object {
                                    "block": false,
                                    "kind": "StringValue",
                                    "value": "MMM dd yyyy",
                                  },
                                },
                              ],
                              "directives": Array [],
                              "kind": "Field",
                              "name": Object {
                                "kind": "Name",
                                "value": "createdOn",
                              },
                              "selectionSet": undefined,
                            },
                            Object {
                              "alias": undefined,
                              "arguments": Array [],
                              "directives": Array [],
                              "kind": "Field",
                              "name": Object {
                                "kind": "Name",
                                "value": "isOpen",
                              },
                              "selectionSet": undefined,
                            },
                            Object {
                              "alias": undefined,
                              "arguments": Array [],
                              "directives": Array [],
                              "kind": "Field",
                              "name": Object {
                                "kind": "Name",
                                "value": "lastUpdated",
                              },
                              "selectionSet": undefined,
                            },
                            Object {
                              "alias": undefined,
                              "arguments": Array [],
                              "directives": Array [],
                              "kind": "Field",
                              "name": Object {
                                "kind": "Name",
                                "value": "totalVotes",
                              },
                              "selectionSet": undefined,
                            },
                            Object {
                              "alias": undefined,
                              "arguments": Array [
                                Object {
                                  "kind": "Argument",
                                  "name": Object {
                                    "kind": "Name",
                                    "value": "userId",
                                  },
                                  "value": Object {
                                    "kind": "Variable",
                                    "name": Object {
                                      "kind": "Name",
                                      "value": "userId",
                                    },
                                  },
                                },
                              ],
                              "directives": Array [],
                              "kind": "Field",
                              "name": Object {
                                "kind": "Name",
                                "value": "hasVoted",
                              },
                              "selectionSet": Object {
                                "kind": "SelectionSet",
                                "selections": Array [
                                  Object {
                                    "alias": undefined,
                                    "arguments": Array [],
                                    "directives": Array [],
                                    "kind": "Field",
                                    "name": Object {
                                      "kind": "Name",
                                      "value": "id",
                                    },
                                    "selectionSet": undefined,
                                  },
                                  Object {
                                    "alias": undefined,
                                    "arguments": Array [],
                                    "directives": Array [],
                                    "kind": "Field",
                                    "name": Object {
                                      "kind": "Name",
                                      "value": "text",
                                    },
                                    "selectionSet": undefined,
                                  },
                                ],
                              },
                            },
                            Object {
                              "alias": undefined,
                              "arguments": Array [],
                              "directives": Array [],
                              "kind": "Field",
                              "name": Object {
                                "kind": "Name",
                                "value": "options",
                              },
                              "selectionSet": Object {
                                "kind": "SelectionSet",
                                "selections": Array [
                                  Object {
                                    "alias": undefined,
                                    "arguments": Array [],
                                    "directives": Array [],
                                    "kind": "Field",
                                    "name": Object {
                                      "kind": "Name",
                                      "value": "id",
                                    },
                                    "selectionSet": undefined,
                                  },
                                  Object {
                                    "alias": undefined,
                                    "arguments": Array [],
                                    "directives": Array [],
                                    "kind": "Field",
                                    "name": Object {
                                      "kind": "Name",
                                      "value": "text",
                                    },
                                    "selectionSet": undefined,
                                  },
                                  Object {
                                    "alias": undefined,
                                    "arguments": Array [],
                                    "directives": Array [],
                                    "kind": "Field",
                                    "name": Object {
                                      "kind": "Name",
                                      "value": "votes",
                                    },
                                    "selectionSet": undefined,
                                  },
                                ],
                              },
                            },
                          ],
                        },
                      },
                    ],
                  },
                },
              ],
            },
            "variableDefinitions": Array [
              Object {
                "defaultValue": undefined,
                "kind": "VariableDefinition",
                "type": Object {
                  "kind": "NonNullType",
                  "type": Object {
                    "kind": "NamedType",
                    "name": Object {
                      "kind": "Name",
                      "value": "ID",
                    },
                  },
                },
                "variable": Object {
                  "kind": "Variable",
                  "name": Object {
                    "kind": "Name",
                    "value": "userId",
                  },
                },
              },
            ],
          },
        ],
        "kind": "Document",
        "loc": Object {
          "end": 350,
          "start": 0,
        },
      }
    }
    skip={false}
    variables={
      Object {
        "userId": undefined,
      }
    }
    warnUnhandledError={true}
  >
    [Function]
  </Query>,
}
`;

exports[`should render data 1`] = `
<View
  style={
    Object {
      "backgroundColor": "transparent",
      "flex": 1,
      "flexGrow": 0,
      "marginHorizontal": 37.5,
      "marginVertical": 6.5,
    }
  }
/>
`;
